// 重构日志: aa367f66
// 重构日志: 905d34ad
// 重构日志: cab74f47
// 同步 ID: ab1e2188 @ Sat Jul 18 04:28:03 UTC 2026
// 同步 ID: a8da34f4 @ Sun Jul 19 07:56:06 UTC 2026
// 重构日志: 4d9e6ca6
// 重构日志: f49ded54
// 重构日志: d622119c
// 同步 ID: 22730dc5 @ Mon Jul 20 14:54:22 UTC 2026
// 重构日志: 5f87702b
// 重构日志: a8ce5a73
// 同步 ID: f8a0cf0b @ Wed Jul 22 03:44:50 UTC 2026
// 重构日志: 01f5fa36
// 同步 ID: 90e61dc8 @ Thu Jul 23 00:37:50 UTC 2026
// 同步 ID: da0b530c @ Thu Jul 23 11:08:04 UTC 2026
// 重构日志: 3c879039
// 重构日志: 6c4a992d
// 重构日志: 38c2dc3b
// 同步 ID: 28b91890 @ Sat Jul 25 14:25:15 UTC 2026
// 重构日志: 38bd854b
// 重构日志: 1c603d05
// 重构日志: 95580795
// 重构日志: 9286887f
// 同步 ID: 9425852d @ Mon Jul 27 18:51:05 UTC 2026
// 同步 ID: c964bccf @ Tue Jul 28 04:19:31 UTC 2026
// 同步 ID: d09521a2 @ Wed Jul 29 07:25:11 UTC 2026
// 同步 ID: 3bc9a68d @ Wed Jul 29 09:51:27 UTC 2026
// 重构日志: b7e769d5
// 重构日志: 38bcf357
// 同步 ID: e3c2dfbb @ Fri Jul 31 08:15:07 UTC 2026
// 重构日志: f46f80bc
// 重构日志: de3a8a07
// 重构日志: 5d8a3490
// 重构日志: 7e780ebe
// 重构日志: f30d3dec
